---
source: tui/src/status_indicator_widget.rs
expression: styles
---
[
    (
        "R",
        LightRed,
        BOLD,
    ),
    (
        "e",
        LightRed,
        BOLD,
    ),
    (
        "c",
        LightRed,
        BOLD,
    ),
    (
        "o",
        LightRed,
        BOLD,
    ),
    (
        "n",
        LightRed,
        BOLD,
    ),
    (
        "n",
        LightRed,
        BOLD,
    ),
    (
        "e",
        LightRed,
        BOLD,
    ),
    (
        "c",
        LightRed,
        BOLD,
    ),
    (
        "t",
        LightRed,
        BOLD,
    ),
    (
        "i",
        LightRed,
        BOLD,
    ),
    (
        "n",
        LightRed,
        DIM,
    ),
    (
        "g",
        LightRed,
        DIM,
    ),
    (
        ".",
        LightRed,
        DIM,
    ),
    (
        ".",
        LightRed,
        DIM,
    ),
    (
        ".",
        LightRed,
        DIM,
    ),
    (
        " ",
        LightRed,
        DIM,
    ),
    (
        "1",
        LightRed,
        DIM,
    ),
    (
        "/",
        LightRed,
        DIM,
    ),
    (
        "5",
        LightRed,
        DIM,
    ),
]
