---
source: tui/src/status_indicator_widget.rs
expression: "frames.join(\"\\n\")"
---
74 columns:
"Working (0s) · 1 background terminal running · checking 日本語 ｶﾞﾊﾟ policy" Hidden by multi-width symbols: [(57, " "), (59, " "), (61, " "), (64, " "), (66, " ")]
"  └ existing details                                                      "

73 columns:
"Working (0s) · 1 background terminal running                             "
"  └ checking 日本語 ｶﾞﾊﾟ policy                                          " Hidden by multi-width symbols: [(14, " "), (16, " "), (18, " "), (21, " "), (23, " ")]
"  └ existing details                                                     "

24 columns:
"Working (0s) · 1 backgr…"
"  └ checking 日本語 ｶﾞ… " Hidden by multi-width symbols: [(14, " "), (16, " "), (18, " "), (21, " ")]
"  └ existing details    "

74 columns:
"Working (0s) · 1 background terminal running · checking 日本語 ｶﾞﾊﾟ policy" Hidden by multi-width symbols: [(57, " "), (59, " "), (61, " "), (64, " "), (66, " ")]
"  └ existing details                                                      "
