---
source: tui/src/status_indicator_widget.rs
expression: "frames.join(\"\\n\")"
---
42 columns:
"Working (0s) · checking 日本語 ｶﾞﾊﾟ policy" Hidden by multi-width symbols: [(25, " "), (27, " "), (29, " "), (32, " "), (34, " ")]
"  └ existing details                      "

41 columns:
"Working (0s)                             "
"  └ checking 日本語 ｶﾞﾊﾟ policy          " Hidden by multi-width symbols: [(14, " "), (16, " "), (18, " "), (21, " "), (23, " ")]
"  └ existing details                     "

24 columns:
"Working (0s)            "
"  └ checking 日本語 ｶﾞ… " Hidden by multi-width symbols: [(14, " "), (16, " "), (18, " "), (21, " ")]
"  └ existing details    "

42 columns:
"Working (0s) · checking 日本語 ｶﾞﾊﾟ policy" Hidden by multi-width symbols: [(25, " "), (27, " "), (29, " "), (32, " "), (34, " ")]
"  └ existing details                      "
