---
source: tui/src/diff_render.rs
expression: terminal.backend()
---
"● Edited a.txt (+1 -1)                                                          "
"    1 -one                                                                      "
"    1 +one changed                                                              "
"                                                                                "
"● Added b.txt (+1 -0)                                                           "
"    1 +new                                                                      "
"                                                                                "
"                                                                                "
"                                                                                "
"                                                                                "
"                                                                                "
"                                                                                "
"                                                                                "
"                                                                                "
