---
source: tui/src/app/tests.rs
expression: terminal.backend()
---
"                                                                                "
"                                                                                "
"  Rewind                                                                        "
"  Restore code and/or conversation to the point before...                       "
"                                                                                "
"  1. first request                                                              "
"› 2. most recent request                                                        "
"                                                                                "
"  Press enter to confirm or esc to go back                                      "
"                                                                                "
"                                                                                "
"                                                                                "
"                                                                                "
"                                                                                "
"                                                                                "
"                                                                                "
"                                                                                "
"                                                                                "
