---
source: tui/src/app/tests.rs
expression: terminal.backend()
---
"                                                                                "
"                                                                                "
"  Rewind                                                                        "
"  Choose what to restore.                                                       "
"                                                                                "
"› 1. Restore code and conversation  Restore 1 tracked file and remove later     "
"                                    messages                                    "
"  2. Restore conversation           Keep restorable tracked file changes and    "
"                                    remove later messages                       "
"  3. Restore code                   Restore 1 tracked file and keep the         "
"                                    conversation                                "
"  4. Never mind                     Leave the code and conversation unchanged   "
"                                                                                "
"  Only safe Codex apply_patch changes are restored; 1 conflicting or unavailable"
"  tracked file will be left untouched.                                          "
"  Press enter to confirm or esc to go back                                      "
"                                                                                "
"                                                                                "
