---
source: tui/src/app/tests.rs
expression: terminal.backend()
---
"                                                                                "
"                                                                                "
"  Rewind                                                                        "
"  Confirm you want to restore to the point before you sent this message:        "
"  │ most recent request                                                         "
"                                                                                "
"  The selected message and everything after it will be removed.                 "
"  The code in 1 tracked file will be restored.                                  "
"                                                                                "
"  ❯ 1. Restore code and conversation                                            "
"    2. Restore conversation                                                     "
"    3. Restore code                                                             "
"    4. Never mind                                                               "
"                                                                                "
"  ⚠ Only safe Codex apply_patch changes are restored; 1 conflicting or          "
"  unavailable tracked file will be left untouched.                              "
"                                                                                "
"  Press enter to continue or esc to go back                                     "
