---
source: tui/src/bottom_pane/rewind_view_tests.rs
expression: "render_lines(&view, 72)"
---

  Rewind
  Restore the code and/or conversation to the point before…

  ↑ 2 more above
    update the footer
    2 files changed (+8 -3)

    polish the diff panel
    Edited diff_panel.rs (+4 -1)

  ❯ (current)




  Press enter to continue or esc to cancel
