---
source: tui/src/chatwidget/tests/exec_flow.rs
expression: normalized_backend_snapshot(terminal.backend())
---
"                                                                                "
"● Ran sleep 2                                                                   "
"                                                                                "
"● Working (0s)                                                                  "
"                                                                                "
"                                                                                "
"› Ask Codex to do anything                                                      "
"                                                                                "
"  Read Only        · gpt-5.6-sol default · /tmp/project                         "
