---
source: tui/src/chatwidget/tests/status_and_layout.rs
expression: "format!(\"{first_running_snapshot}\\n\\n{second_running_snapshot}\\n\\n{older_completed_snapshot}\\n\\n{all_completed_snapshot}\")"
---
pre running
activity:
"                                                                                "
"• Thinking (0s) · checking command policy                                       "
"                                                                                "
"                                                                                "
"› Ask Codex to do anything                                                      "
"                                                                                "
"  gpt-5.6-sol default · /tmp/project                                            "
history:
<empty>

post running
activity:
"                                                                                "
"• Thinking (0s) · Running hooks                                                 "
"                                                                                "
"                                                                                "
"› Ask Codex to do anything                                                      "
"                                                                                "
"  gpt-5.6-sol default · /tmp/project                                            "
history:
<empty>

pre completed
activity:
"                                                                                "
"• Thinking (0s) · checking output policy                                        "
"                                                                                "
"                                                                                "
"› Ask Codex to do anything                                                      "
"                                                                                "
"  gpt-5.6-sol default · /tmp/project                                            "
history:
<empty>

all completed
activity:
"                                                                                "
"• Thinking (0s)                                                                 "
"                                                                                "
"                                                                                "
"› Ask Codex to do anything                                                      "
"                                                                                "
"  gpt-5.6-sol default · /tmp/project                                            "
history:
<empty>
