---
source: tui/src/chatwidget/tests/popups_and_settings.rs
expression: popup
---
  Select Model and Effort
  Choose a model in the same family as this thread's initial model.

›    gpt-5.5 (disabled)  Legacy coding model. (disabled: Unavailable because
                         this thread started with `deepseek-flash`.)

  Press enter to confirm or esc to go back
